// Jest Snapshot v1, https://goo.gl/fbAQLP

exports[`card component could render 1`] = `[Function]`;
